[2026-09-12T09:18:43.936816+00:00] restore.WARNING: [8192] Creation of dynamic property ReduxFramework::$wp_data is deprecated (D:\xampp\htdocs\pustikunjo\wp-content\themes\porto\inc\admin\ReduxCore\framework.php on Line 1036) | PHP 8.2.12 (WINNT) [] []
[2026-09-12T09:18:43.944078+00:00] restore.WARNING: [8192] Creation of dynamic property ReduxFramework::$field_types is deprecated (D:\xampp\htdocs\pustikunjo\wp-content\themes\porto\inc\admin\ReduxCore\framework.php on Line 1990) | PHP 8.2.12 (WINNT) [] []
[2026-09-12T09:18:43.944328+00:00] restore.WARNING: [8192] Creation of dynamic property ReduxFramework::$field_head is deprecated (D:\xampp\htdocs\pustikunjo\wp-content\themes\porto\inc\admin\ReduxCore\framework.php on Line 2192) | PHP 8.2.12 (WINNT) [] []
[2026-09-12T09:18:43.964335+00:00] restore.WARNING: [8192] Creation of dynamic property ReduxFramework::$validation_ran is deprecated (D:\xampp\htdocs\pustikunjo\wp-content\themes\porto\inc\admin\ReduxCore\framework.php on Line 2388) | PHP 8.2.12 (WINNT) [] []
[2026-09-12T09:18:43.982292+00:00] restore.WARNING: [8192] Creation of dynamic property RevSliderUpdate::$data is deprecated (D:\xampp\htdocs\pustikunjo\wp-content\plugins\revslider\includes\update.class.php on Line 91) | PHP 8.2.12 (WINNT) [] []
[2026-09-12T09:18:45.625443+00:00] restore.WARNING: [8192] Creation of dynamic property ReduxFramework::$wp_data is deprecated (D:\xampp\htdocs\pustikunjo\wp-content\themes\porto\inc\admin\ReduxCore\framework.php on Line 1036) | PHP 8.2.12 (WINNT) [] []
[2026-09-12T09:18:45.631157+00:00] restore.WARNING: [8192] Creation of dynamic property ReduxFramework::$field_types is deprecated (D:\xampp\htdocs\pustikunjo\wp-content\themes\porto\inc\admin\ReduxCore\framework.php on Line 1990) | PHP 8.2.12 (WINNT) [] []
[2026-09-12T09:18:45.631315+00:00] restore.WARNING: [8192] Creation of dynamic property ReduxFramework::$field_head is deprecated (D:\xampp\htdocs\pustikunjo\wp-content\themes\porto\inc\admin\ReduxCore\framework.php on Line 2192) | PHP 8.2.12 (WINNT) [] []
[2026-09-12T09:18:45.645047+00:00] restore.WARNING: [8192] Creation of dynamic property ReduxFramework::$validation_ran is deprecated (D:\xampp\htdocs\pustikunjo\wp-content\themes\porto\inc\admin\ReduxCore\framework.php on Line 2388) | PHP 8.2.12 (WINNT) [] []
[2026-09-12T09:18:45.682476+00:00] restore.WARNING: [8192] Creation of dynamic property RevSliderUpdate::$data is deprecated (D:\xampp\htdocs\pustikunjo\wp-content\plugins\revslider\includes\update.class.php on Line 91) | PHP 8.2.12 (WINNT) [] []
[2026-09-12T09:18:47.878566+00:00] restore.WARNING: [8192] Creation of dynamic property ReduxFramework::$wp_data is deprecated (D:\xampp\htdocs\pustikunjo\wp-content\themes\porto\inc\admin\ReduxCore\framework.php on Line 1036) | PHP 8.2.12 (WINNT) [] []
[2026-09-12T09:18:47.883675+00:00] restore.WARNING: [8192] Creation of dynamic property ReduxFramework::$field_types is deprecated (D:\xampp\htdocs\pustikunjo\wp-content\themes\porto\inc\admin\ReduxCore\framework.php on Line 1990) | PHP 8.2.12 (WINNT) [] []
[2026-09-12T09:18:47.883812+00:00] restore.WARNING: [8192] Creation of dynamic property ReduxFramework::$field_head is deprecated (D:\xampp\htdocs\pustikunjo\wp-content\themes\porto\inc\admin\ReduxCore\framework.php on Line 2192) | PHP 8.2.12 (WINNT) [] []
[2026-09-12T09:18:47.894573+00:00] restore.WARNING: [8192] Creation of dynamic property ReduxFramework::$validation_ran is deprecated (D:\xampp\htdocs\pustikunjo\wp-content\themes\porto\inc\admin\ReduxCore\framework.php on Line 2388) | PHP 8.2.12 (WINNT) [] []
[2026-09-12T09:18:47.959202+00:00] restore.WARNING: [8192] Creation of dynamic property RevSliderUpdate::$data is deprecated (D:\xampp\htdocs\pustikunjo\wp-content\plugins\revslider\includes\update.class.php on Line 91) | PHP 8.2.12 (WINNT) [] []
[2026-09-12T09:18:57.890043+00:00] restore.WARNING: [8192] Creation of dynamic property ReduxFramework::$wp_data is deprecated (D:\xampp\htdocs\pustikunjo\wp-content\themes\porto\inc\admin\ReduxCore\framework.php on Line 1036) | PHP 8.2.12 (WINNT) [] []
[2026-09-12T09:18:57.896329+00:00] restore.WARNING: [8192] Creation of dynamic property ReduxFramework::$field_types is deprecated (D:\xampp\htdocs\pustikunjo\wp-content\themes\porto\inc\admin\ReduxCore\framework.php on Line 1990) | PHP 8.2.12 (WINNT) [] []
[2026-09-12T09:18:57.896594+00:00] restore.WARNING: [8192] Creation of dynamic property ReduxFramework::$field_head is deprecated (D:\xampp\htdocs\pustikunjo\wp-content\themes\porto\inc\admin\ReduxCore\framework.php on Line 2192) | PHP 8.2.12 (WINNT) [] []
[2026-09-12T09:18:57.909916+00:00] restore.WARNING: [8192] Creation of dynamic property ReduxFramework::$validation_ran is deprecated (D:\xampp\htdocs\pustikunjo\wp-content\themes\porto\inc\admin\ReduxCore\framework.php on Line 2388) | PHP 8.2.12 (WINNT) [] []
[2026-09-12T09:18:57.976026+00:00] restore.WARNING: [8192] Creation of dynamic property RevSliderUpdate::$data is deprecated (D:\xampp\htdocs\pustikunjo\wp-content\plugins\revslider\includes\update.class.php on Line 91) | PHP 8.2.12 (WINNT) [] []
[2026-09-12T09:19:04.906120+00:00] restore.WARNING: [8192] Creation of dynamic property ReduxFramework::$wp_data is deprecated (D:\xampp\htdocs\pustikunjo\wp-content\themes\porto\inc\admin\ReduxCore\framework.php on Line 1036) | PHP 8.2.12 (WINNT) [] []
[2026-09-12T09:19:04.912971+00:00] restore.WARNING: [8192] Creation of dynamic property ReduxFramework::$field_types is deprecated (D:\xampp\htdocs\pustikunjo\wp-content\themes\porto\inc\admin\ReduxCore\framework.php on Line 1990) | PHP 8.2.12 (WINNT) [] []
[2026-09-12T09:19:04.913151+00:00] restore.WARNING: [8192] Creation of dynamic property ReduxFramework::$field_head is deprecated (D:\xampp\htdocs\pustikunjo\wp-content\themes\porto\inc\admin\ReduxCore\framework.php on Line 2192) | PHP 8.2.12 (WINNT) [] []
[2026-09-12T09:19:04.926862+00:00] restore.WARNING: [8192] Creation of dynamic property ReduxFramework::$validation_ran is deprecated (D:\xampp\htdocs\pustikunjo\wp-content\themes\porto\inc\admin\ReduxCore\framework.php on Line 2388) | PHP 8.2.12 (WINNT) [] []
[2026-09-12T09:19:05.000562+00:00] restore.WARNING: [8192] Creation of dynamic property RevSliderUpdate::$data is deprecated (D:\xampp\htdocs\pustikunjo\wp-content\plugins\revslider\includes\update.class.php on Line 91) | PHP 8.2.12 (WINNT) [] []
[2026-09-12T09:19:17.804611+00:00] restore.WARNING: [8192] Creation of dynamic property ReduxFramework::$wp_data is deprecated (D:\xampp\htdocs\pustikunjo\wp-content\themes\porto\inc\admin\ReduxCore\framework.php on Line 1036) | PHP 8.2.12 (WINNT) [] []
[2026-09-12T09:19:17.810121+00:00] restore.WARNING: [8192] Creation of dynamic property ReduxFramework::$field_types is deprecated (D:\xampp\htdocs\pustikunjo\wp-content\themes\porto\inc\admin\ReduxCore\framework.php on Line 1990) | PHP 8.2.12 (WINNT) [] []
[2026-09-12T09:19:17.810267+00:00] restore.WARNING: [8192] Creation of dynamic property ReduxFramework::$field_head is deprecated (D:\xampp\htdocs\pustikunjo\wp-content\themes\porto\inc\admin\ReduxCore\framework.php on Line 2192) | PHP 8.2.12 (WINNT) [] []
[2026-09-12T09:19:17.820929+00:00] restore.WARNING: [8192] Creation of dynamic property ReduxFramework::$validation_ran is deprecated (D:\xampp\htdocs\pustikunjo\wp-content\themes\porto\inc\admin\ReduxCore\framework.php on Line 2388) | PHP 8.2.12 (WINNT) [] []
[2026-09-12T09:19:17.854173+00:00] restore.WARNING: [8192] Creation of dynamic property RevSliderUpdate::$data is deprecated (D:\xampp\htdocs\pustikunjo\wp-content\plugins\revslider\includes\update.class.php on Line 91) | PHP 8.2.12 (WINNT) [] []
[2026-09-12T09:19:19.199104+00:00] restore.WARNING: [2] Undefined array key "Name" (D:\xampp\htdocs\pustikunjo\wp-content\plugins\js_composer\include\classes\updaters\class-vc-updater.php on Line 129) | PHP 8.2.12 (WINNT) [] []
[2026-09-12T09:19:27.277778+00:00] restore.WARNING: [8192] parse_str(): Passing null to parameter #1 ($string) of type string is deprecated (D:\xampp\htdocs\pustikunjo\wp-content\themes\porto\functions.php on Line 23) | PHP 8.2.12 (WINNT) [] []
[2026-09-12T09:19:29.565571+00:00] restore.WARNING: [8192] parse_str(): Passing null to parameter #1 ($string) of type string is deprecated (D:\xampp\htdocs\pustikunjo\wp-content\themes\porto\functions.php on Line 23) | PHP 8.2.12 (WINNT) [] []
[2026-09-12T09:19:33.535573+00:00] restore.WARNING: [8192] Creation of dynamic property ReduxFramework::$wp_data is deprecated (D:\xampp\htdocs\pustikunjo\wp-content\themes\porto\inc\admin\ReduxCore\framework.php on Line 1036) | PHP 8.2.12 (WINNT) [] []
[2026-09-12T09:19:33.541175+00:00] restore.WARNING: [8192] Creation of dynamic property ReduxFramework::$field_types is deprecated (D:\xampp\htdocs\pustikunjo\wp-content\themes\porto\inc\admin\ReduxCore\framework.php on Line 1990) | PHP 8.2.12 (WINNT) [] []
[2026-09-12T09:19:33.541316+00:00] restore.WARNING: [8192] Creation of dynamic property ReduxFramework::$field_head is deprecated (D:\xampp\htdocs\pustikunjo\wp-content\themes\porto\inc\admin\ReduxCore\framework.php on Line 2192) | PHP 8.2.12 (WINNT) [] []
[2026-09-12T09:19:33.552889+00:00] restore.WARNING: [8192] Creation of dynamic property ReduxFramework::$validation_ran is deprecated (D:\xampp\htdocs\pustikunjo\wp-content\themes\porto\inc\admin\ReduxCore\framework.php on Line 2388) | PHP 8.2.12 (WINNT) [] []
